--- SETUP ---
Setup complete. MACK supplier and OPI563 project exist.

TEST 1: Entry routing (/r/OPI563/MACK/TESTUID001)
Status: 307
Redirects to: https://client-survey.com/start?oi_session=a4b91ad9-7ebd-4863-a75c-efde33e2a737&oi_uid=TESTUID001
DB Record for TESTUID001: {
  uid: 'TESTUID001',
  supplier_token: 'MACK',
  supplier_name: 'MackInsights',
  status: 'in_progress',
  last_landing_page: 'entry'
}

TEST 2: Completion redirect (/status?code=OPI563&uid=TESTUID001&type=complete)
Status: 307
Redirects to: https://mackinsights.com/status?type=complete&uid=TESTUID001
DB Record for TESTUID001 after status: { uid: 'TESTUID001', status: 'complete' }

TEST 3: Terminate redirect (TESTUID002)
Status: 307
Redirects to: https://mackinsights.com/status?type=terminate&uid=TESTUID002

TEST 4: Direct traffic (DIRECTUID001)
Status: 307
Redirects to: http://localhost:3000/complete?pid=OPI563&uid=DIRECTUID001&cid=5553c0ff-6817-45e0-90aa-9b5b9935d7b7&session_token=

TEST 5: Admin Responses Simulation
Fetching latest 3 records from DB to check supplier mapping...
- UID: DIRECTUID001 | Supplier: ΓÇö
- UID: TESTUID002 | Supplier: MackInsights
- UID: TESTUID001 | Supplier: MackInsights
